// Jest Snapshot v1, https://goo.gl/fbAQLP

exports[`The Messages component when the status is FETCHED should match a snapshot 1`] = `
<div>
  <div
    key="cd445e6d-e514-424f-ba8f-16ec842002c6"
  >
    Quisque erat eros, viverra eget, congue eget, semper rutrum, nulla.
  </div>
  <div
    key="b03569ae-ccbf-4975-8040-4daba638b407"
  >
    Integer a nibh. In quis justo. Maecenas rhoncus aliquam lacus.
  </div>
</div>
`;

exports[`The Messages component when the status is PENDING should match a snapshot 1`] = `
<div>
  Loading messages
</div>
`;
